<?xml version="1.0" encoding="utf-8"?><testsuites><testsuite name="pytest" errors="0" failures="0" skipped="0" tests="5" time="10.283" timestamp="2022-05-18T20:00:49.839381" hostname="DESKTOP-FCN6K9G"><testcase classname="tests.test_crawler" name="test_google_search" time="0.777" /><testcase classname="tests.test_crawler" name="test_get_source" time="0.875" /><testcase classname="tests.test_crawler" name="test_html_parser" time="0.145" /><testcase classname="tests.test_crawler" name="test_scrape_google" time="0.506" /><testcase classname="tests.test_crawler" name="test_html_getText" time="0.139" /></testsuite></testsuites>